  0.92 | I | simple_config.SimpleConfig | electrum directory /home/c03rad0r/electrum-tv-demo (chain=mainnet)
  0.92 | I | simple_config.SimpleConfig | electrum directory /home/c03rad0r/electrum-tv-demo (chain=mainnet)
  0.92 | D | util.profiler | Plugins.__init__ 0.0022 sec
  1.01 | I | simple_config.SimpleConfig | electrum directory /home/c03rad0r/electrum-tv-demo (chain=mainnet)
  1.05 | I | __main__ | get_default_language: detected default as lang='en_UK'
  1.05 | I | i18n | setting language to 'en_UK'
  1.06 | I | logging | Electrum version: 4.8.0 - https://electrum.org - https://github.com/spesmilo/electrum
  1.07 | I | logging | Python version: 3.11.15 (main, Mar  3 2026, 14:59:53) [Clang 21.1.4 ]. On platform: Linux-7.0.0-34-generic-x86_64-with-glibc2.43
  1.07 | I | logging | Logging to file: None
  1.07 | I | logging | Log filters: verbosity '*'
  1.08 | I | daemon | failed to connect to JSON-RPC server Cannot connect to unix socket /home/c03rad0r/electrum-tv-demo/daemon_rpc_socket ssl:default [Connection refused]
  1.08 | I | exchange_rate.FxThread | using exchange CoinGecko
  1.08 | D | util.profiler | Daemon.__init__ 0.0009 sec
  1.08 | I | simple_config.SimpleConfig | electrum directory /home/c03rad0r/electrum-tv-demo (chain=mainnet)
  1.08 | I | daemon.Daemon | starting taskgroup.
  1.08 | I | plugin.Plugins | registering hardware bitbox02: ['hardware', 'bitbox02', 'BitBox02']
  1.08 | I | daemon.CommandsServer | now running and listening. socktype=unix, addr=/home/c03rad0r/electrum-tv-demo/daemon_rpc_socket. only_minimal_jsonrpc=True
  1.08 | I | plugin.Plugins | registering hardware coldcard: ['hardware', 'coldcard', 'Coldcard Wallet']
  1.08 | I | plugin.Plugins | registering hardware digitalbitbox: ['hardware', 'digitalbitbox', 'Digital Bitbox wallet']
  1.08 | I | plugin.Plugins | registering hardware jade: ['hardware', 'jade', 'Jade wallet']
  1.08 | I | plugin.Plugins | registering hardware keepkey: ['hardware', 'keepkey', 'KeepKey wallet']
  1.08 | I | plugin.Plugins | registering hardware ledger: ['hardware', 'ledger', 'Ledger wallet']
  1.09 | I | plugin.Plugins | registering hardware safe_t: ['hardware', 'safe_t', 'Safe-T mini wallet']
  1.09 | I | plugin.Plugins | registering hardware trezor: ['hardware', 'trezor', 'Trezor wallet']
  1.09 | I | plugin.Plugins | registering wallet type ('2fa', 'trustedcoin')
  1.13 | D | gui.qt | successfully preloaded optional dependency: PyQt6.QtMultimedia
  1.36 | I | plugin.Plugins | loaded plugin 'trust_vendor'. (from thread: 'GUI')
  1.37 | D | util.profiler | Plugins.__init__ 0.2855 sec
  1.37 | I | daemon.Daemon | launching GUI: qt
  1.37 | I | gui.qt.ElectrumGui | Qt GUI starting up... Qt=6.11.0, PyQt=6.11.0
  1.43 | D | util.profiler | ElectrumGui.__init__ 0.0669 sec
  1.43 | I | storage.WalletStorage | wallet path /home/c03rad0r/electrum-tv-demo/wallets/demo
  1.44 | D | util.profiler | JsonDB.write_and_force_consolidation 0.0000 sec
  1.44 | D | util.profiler | WalletDB.load_transactions 0.0000 sec
  1.44 | D | util.profiler | AddressSynchronizer.load_local_history 0.0000 sec
  1.44 | D | util.profiler | AddressSynchronizer.check_history 0.0001 sec
  1.45 | D | util.profiler | Daemon._load_wallet 0.0166 sec
  1.68 | I | plugins.trust_vendor.qt.Plugin | trust_vendor: Send-tab shop button installed
  1.75 | D | util.profiler | AddressList.update 0.0000 sec
  1.89 | I | plugins.trust_vendor.qt.Plugin | trust_vendor: menu installed ('Trusted Vendors' in the wallet menu)
  1.89 | D | gui.qt.main_window.[demo] | registering wallet closing warning callback
  1.89 | D | gui.qt.main_window.[demo] | registering wallet closing warning callback
  1.90 | I | gui.qt.main_window.[demo] | using default geometry
 16.94 | I | plugins.trust_vendor.qt.Plugin | trust_vendor: pinned burger-vendors-berlin (8 members, source=relay, hash=493fd518f4db9756…)
 16.94 | I | plugins.trust_vendor.qt.Plugin | trust_vendor: TRUST_VENDOR_AUTO_OPEN=1 — opening the shop dialog
 16.98 | D | util.profiler | Deterministic_Wallet.try_detecting_internal_addresses_corruption 0.0340 sec
 16.98 | D | util.profiler | ElectrumWindow.load_wallet 15.0876 sec
 17.50 | I | gui.qt.history_list.HistoryModel | refreshing... reason: update_tabs
 17.50 | D | util.profiler | Abstract_Wallet.get_full_history 0.0003 sec
 17.50 | D | util.profiler | HistoryModel.refresh 0.0008 sec
 17.50 | D | util.profiler | AddressList.update 0.0000 sec
vkDebug: Unable to open device /dev/dri/renderD128: Permission denied (VK_ERROR_INCOMPATIBLE_DRIVER)
vkDebug: Unable to open device /dev/dri/renderD128: Permission denied (VK_ERROR_INCOMPATIBLE_DRIVER)
GPUInfo not initialized on GpuInfoUpdate
 21.41 | I | plugins.trust_vendor.qt.Plugin | trust_vendor: dialog title='Trusted Vendors' shop_url='http://127.0.0.1:8899/order.html' first_widget=QWebEngineView
 21.42 | I | plugins.trust_vendor.qt.Plugin | trust_vendor: verdict panel text:
burger-vendors-berlin
Berlin vendors vetted in person (hackathon demo)
Members: 8   pinned hash: 493fd518f4db975682106af1…
Policy, in order: pinned-set match → proof pin match → order binding → ring size floor → ring ⊆ pinned set → no duplicate keys → not expired → LSAG verify → key image unused.
